[smashcamp.xyz/index.html]
[backblue.gif]
[fade.gif]
[index.html]
[smashcamp.xyz/assets/favicon/apple-touch-icon-700c1729390e4bcd80dc524d7653b62dda017558cf466c36024d3978edbf5cb4.png]
[smashcamp.xyz/assets/favicon/favicon-32x32-b1a4d2e53b6d3fb34b15b9d34f672b09a21abed2d26fb0725df849c894380d4e.png]
[smashcamp.xyz/assets/favicon/android-chrome-192x192-2f380ee5306769371f6194b4d99b518127fcf8dd3d2f57e5e5fb030182fc59f0.png]
[smashcamp.xyz/assets/favicon/favicon-16x16-908a87cfc50ab33620dacb12c1ab067b27e9035386de14d78d2a725224f4320d.png]
[smashcamp.xyz/assets/favicon/site-2273664cb123a850b88677114fec041d66e61381cf6f35321e26f35311cddb4b.webmanifest]
[smashcamp.xyz/assets/favicon/safari-pinned-tab-41e528224200cf9a750bbc9c81666db7481bf71e80b699e423bf4b41ecd9bdbd.svg]
[smashcamp.xyz/assets/favicon/browserconfig-89cc29691fea276c02cfd1e91f982350cfe9295959710b66c9a60badf55e7f8a.xml]
[smashcamp.xyz/assets/application-553ded0ac6a080f3591b1de83dc8d2afbed2f7facb00d7c6e20658841a9430d3.css]
[smashcamp.xyz/pre-camp.html]
[smashcamp.xyz/packs/js/application-90e415ce93f65fd52e2e.js]
[smashcamp.xyz/days/1.html]
[smashcamp.xyz/days/2.html]
[smashcamp.xyz/days/3.html]
[smashcamp.xyz/days/4.html]
[smashcamp.xyz/days/5.html]
[smashcamp.xyz/conclusion.html]
[smashcamp.xyz/events/side-events.html]
[smashcamp.xyz/events.html]
[smashcamp.xyz/pages/hall_of_fame.html]
[smashcamp.xyz/stardivider.png]
[smashcamp.xyz/SmashCamp.png]
[2021.smashcamp.xyz/index.html]
[2022.smashcamp.xyz/index.html]
[smashcamp.xyz/NeonGenesisSmashCamp.png]
[smashcamp.xyz/index.html]
[smashcamp.xyz/SmashCamp.html]
[smashcamp.xyz/assets/favicon/safari-pinned-tab-41e528224200cf9a750bbc9c81666db7481bf71e80b699e423bf4b41ecd9bdbd.svg]
[smashcamp.xyz/assets/application-553ded0ac6a080f3591b1de83dc8d2afbed2f7facb00d7c6e20658841a9430d3.css]
[smashcamp.xyz/events/28.html]
[smashcamp.xyz/events/29.html]
[smashcamp.xyz/events/52.html]
[smashcamp.xyz/events/41.html]
[smashcamp.xyz/events/38.html]
[smashcamp.xyz/events/39.html]
[smashcamp.xyz/pre-camp.html]
[smashcamp.xyz/events/31.html]
[smashcamp.xyz/assets/SmashCamp-f3e1bb9b2fe8fe5803fae7f2e949fceabebde9d72498a14afa8385f458a72e5a.png]
[smashcamp.xyz/REEEE.html]
[smashcamp.xyz/assets/stardivider-dd810b73e53041cad6c10947719a83c4b916b2caffcaebc3974ed966f222968c.png]
[smashcamp.xyz/assets/WelcomeToDay1-eac4824b3060d2d93b204c6916b40e391ab69eee74877bb09154cec442df48b5.png]
[smashcamp.xyz/rails/active_storage/disk/eyJfcmFpbHMiOnsibWVzc2FnZSI6IkJBaDdDVG9JYTJWNVN/Submission Guidelines.png_; filename_=UTF-8''Submission%20Guidelines.png]
[smashcamp.xyz/rails/active_storage/disk/eyJfcmFpbHMiOnsibWVzc2FnZSI6IkJBaDdDVG9JYTJWNVN/Submission Guidelines.png_; filename_=UTF-8''Submission%20Guidelines-2.png]
[smashcamp.xyz/rails/active_storage/disk/eyJfcmFpbHMiOnsibWVzc2FnZSI6IkJBaDdDVG9JYTJWNVN/Todays Activities.png_; filename_=UTF-8''Todays%20Activities.png]
[smashcamp.xyz/rails/active_storage/disk/eyJfcmFpbHMiOnsibWVzc2FnZSI6IkJBaDdDVG9JYTJWNVN/Todays Activities.png_; filename_=UTF-8''Todays%20Activities-2.png]
[smashcamp.xyz/rails/active_storage/disk/eyJfcmFpbHMiOnsibWVzc2FnZSI6IkJBaDdDVG9JYTJWNVN/urdl.png_; filename_=UTF-8''urdl.png]
[smashcamp.xyz/rails/active_storage/disk/eyJfcmFpbHMiOnsibWVzc2FnZSI6IkJBaDdDVG9JYTJWNVN/urdl.png_; filename_=UTF-8''urdl-2.png]
[smashcamp.xyz/rails/active_storage/disk/eyJfcmFpbHMiOnsibWVzc2FnZSI6IkJBaDdDVG9JYTJWNVN/crazyflips.png_; filename_=UTF-8''crazyflips.png]
[smashcamp.xyz/rails/active_storage/disk/eyJfcmFpbHMiOnsibWVzc2FnZSI6IkJBaDdDVG9JYTJWNVN/crazyflips.png_; filename_=UTF-8''crazyflips-2.png]
[smashcamp.xyz/rails/active_storage/disk/eyJfcmFpbHMiOnsibWVzc2FnZSI6IkJBaDdDVG9JYTJWNVN/mouse.png_; filename_=UTF-8''mouse.png]
[smashcamp.xyz/rails/active_storage/disk/eyJfcmFpbHMiOnsibWVzc2FnZSI6IkJBaDdDVG9JYTJWNVN/mouse.png_; filename_=UTF-8''mouse-2.png]
[smashcamp.xyz/rails/active_storage/disk/eyJfcmFpbHMiOnsibWVzc2FnZSI6IkJBaDdDVG9JYTJWNVN/spider.png_; filename_=UTF-8''spider.png]
[smashcamp.xyz/rails/active_storage/disk/eyJfcmFpbHMiOnsibWVzc2FnZSI6IkJBaDdDVG9JYTJWNVN/spider.png_; filename_=UTF-8''spider-2.png]
[smashcamp.xyz/rails/active_storage/disk/eyJfcmFpbHMiOnsibWVzc2FnZSI6IkJBaDdDVG9JYTJWNVN/dragon.png_; filename_=UTF-8''dragon.png]
[smashcamp.xyz/rails/active_storage/disk/eyJfcmFpbHMiOnsibWVzc2FnZSI6IkJBaDdDVG9JYTJWNVN/dragon.png_; filename_=UTF-8''dragon-2.png]
[smashcamp.xyz/rails/active_storage/disk/eyJfcmFpbHMiOnsibWVzc2FnZSI6IkJBaDdDVG9JYTJWNVN/cabin5.jpg_; filename_=UTF-8''cabin5.jpg]
[smashcamp.xyz/rails/active_storage/disk/eyJfcmFpbHMiOnsibWVzc2FnZSI6IkJBaDdDVG9JYTJWNVN/cabin5.jpg_; filename_=UTF-8''cabin5-2.jpg]
[smashcamp.xyz/days/1.html]
[smashcamp.xyz/assets/WelcomeToDay2-f4df9d6ffa8a11ae5fff3b354be47feda260f6855202d5bd63ec3a3e423d866e.png]
[smashcamp.xyz/assets/Results-e5362034d7c22d33a33d7c0c62409edb10c6952424f26de3e11794470308bec6.png]
[smashcamp.xyz/Cabin1.png]
[smashcamp.xyz/Cabin2.png]
[smashcamp.xyz/Cabin3.png]
[smashcamp.xyz/Cabin4.png]
[smashcamp.xyz/rails/active_storage/disk/eyJfcmFpbHMiOnsibWVzc2FnZSI6IkJBaDdDVG9JYTJWNVN/IMG_7862.jpg_; filename_=UTF-8''IMG_7862.jpg]
[smashcamp.xyz/rails/active_storage/disk/eyJfcmFpbHMiOnsibWVzc2FnZSI6IkJBaDdDVG9JYTJWNVN/IMG_7862.jpg_; filename_=UTF-8''IMG_7862-2.jpg]
[smashcamp.xyz/rails/active_storage/disk/eyJfcmFpbHMiOnsibWVzc2FnZSI6IkJBaDdDVG9JYTJWNVN/IMG_18211.png_; filename_=UTF-8''IMG_18211.png]
[smashcamp.xyz/rails/active_storage/disk/eyJfcmFpbHMiOnsibWVzc2FnZSI6IkJBaDdDVG9JYTJWNVN/IMG_18211.png_; filename_=UTF-8''IMG_18211-2.png]
[smashcamp.xyz/rails/active_storage/disk/eyJfcmFpbHMiOnsibWVzc2FnZSI6IkJBaDdDVG9JYTJWNVN/20230625_223928.png_; filename_=UTF-8''20230625_223928.png]
[smashcamp.xyz/rails/active_storage/disk/eyJfcmFpbHMiOnsibWVzc2FnZSI6IkJBaDdDVG9JYTJWNVN/20230625_223928.png_; filename_=UTF-8''20230625_223928-2.png]
[smashcamp.xyz/rails/active_storage/disk/eyJfcmFpbHMiOnsibWVzc2FnZSI6IkJBaDdDVG9JYTJWNVN/blockedup.png_; filename_=UTF-8''blockedup.png]
[smashcamp.xyz/rails/active_storage/disk/eyJfcmFpbHMiOnsibWVzc2FnZSI6IkJBaDdDVG9JYTJWNVN/blockedup.png_; filename_=UTF-8''blockedup-2.png]
[smashcamp.xyz/rails/active_storage/disk/eyJfcmFpbHMiOnsibWVzc2FnZSI6IkJBaDdDVG9JYTJWNVN/oneroom.png_; filename_=UTF-8''oneroom.png]
[smashcamp.xyz/rails/active_storage/disk/eyJfcmFpbHMiOnsibWVzc2FnZSI6IkJBaDdDVG9JYTJWNVN/oneroom.png_; filename_=UTF-8''oneroom-2.png]
[smashcamp.xyz/rails/active_storage/disk/eyJfcmFpbHMiOnsibWVzc2FnZSI6IkJBaDdDVG9JYTJWNVN/parking.png_; filename_=UTF-8''parking.png]
[smashcamp.xyz/rails/active_storage/disk/eyJfcmFpbHMiOnsibWVzc2FnZSI6IkJBaDdDVG9JYTJWNVN/parking.png_; filename_=UTF-8''parking-2.png]
[smashcamp.xyz/rails/active_storage/disk/eyJfcmFpbHMiOnsibWVzc2FnZSI6IkJBaDdDVG9JYTJWNVN/car.png_; filename_=UTF-8''car.png]
[smashcamp.xyz/rails/active_storage/disk/eyJfcmFpbHMiOnsibWVzc2FnZSI6IkJBaDdDVG9JYTJWNVN/car.png_; filename_=UTF-8''car-2.png]
[smashcamp.xyz/rails/active_storage/disk/eyJfcmFpbHMiOnsibWVzc2FnZSI6IkJBaDdDVG9JYTJWNVN/cone.png_; filename_=UTF-8''cone.png]
[smashcamp.xyz/rails/active_storage/disk/eyJfcmFpbHMiOnsibWVzc2FnZSI6IkJBaDdDVG9JYTJWNVN/cone.png_; filename_=UTF-8''cone-2.png]
[smashcamp.xyz/rails/active_storage/disk/eyJfcmFpbHMiOnsibWVzc2FnZSI6IkJBaDdDVG9JYTJWNVN/hot.jpg_; filename_=UTF-8''hot.jpg]
[smashcamp.xyz/rails/active_storage/disk/eyJfcmFpbHMiOnsibWVzc2FnZSI6IkJBaDdDVG9JYTJWNVN/hot.jpg_; filename_=UTF-8''hot-2.jpg]
[smashcamp.xyz/rails/active_storage/disk/eyJfcmFpbHMiOnsibWVzc2FnZSI6IkJBaDdDVG9JYTJWNVN/dog.png_; filename_=UTF-8''dog.png]
[smashcamp.xyz/rails/active_storage/disk/eyJfcmFpbHMiOnsibWVzc2FnZSI6IkJBaDdDVG9JYTJWNVN/dog.png_; filename_=UTF-8''dog-2.png]
[smashcamp.xyz/days/2.html]
[smashcamp.xyz/assets/WelcomeToDay3-6d0f26a267877c681f9b1b0cd13563ca2a05b4a6e273d6a4ce5c681306ca4b7f.png]
[smashcamp.xyz/rails/active_storage/disk/eyJfcmFpbHMiOnsibWVzc2FnZSI6IkJBaDdDVG9JYTJWNVN/20230627_150811.jpg_; filename_=UTF-8''20230627_150811.jpg]
[smashcamp.xyz/rails/active_storage/disk/eyJfcmFpbHMiOnsibWVzc2FnZSI6IkJBaDdDVG9JYTJWNVN/20230627_150811.jpg_; filename_=UTF-8''20230627_150811-2.jpg]
[smashcamp.xyz/rails/active_storage/disk/eyJfcmFpbHMiOnsibWVzc2FnZSI6IkJBaDdDVG9JYTJWNVN/image0.jpg_; filename_=UTF-8''image0.jpg]
[smashcamp.xyz/rails/active_storage/disk/eyJfcmFpbHMiOnsibWVzc2FnZSI6IkJBaDdDVG9JYTJWNVN/image0.jpg_; filename_=UTF-8''image0-2.jpg]
[smashcamp.xyz/rails/active_storage/disk/eyJfcmFpbHMiOnsibWVzc2FnZSI6IkJBaDdDVG9JYTJWNVN/IMG_3091.jpg_; filename_=UTF-8''IMG_3091.jpg]
[smashcamp.xyz/rails/active_storage/disk/eyJfcmFpbHMiOnsibWVzc2FnZSI6IkJBaDdDVG9JYTJWNVN/IMG_3091.jpg_; filename_=UTF-8''IMG_3091-2.jpg]
[smashcamp.xyz/rails/active_storage/disk/eyJfcmFpbHMiOnsibWVzc2FnZSI6IkJBaDdDVG9JYTJWNVN/express.png_; filename_=UTF-8''express.png]
[smashcamp.xyz/rails/active_storage/disk/eyJfcmFpbHMiOnsibWVzc2FnZSI6IkJBaDdDVG9JYTJWNVN/express.png_; filename_=UTF-8''express-2.png]
[smashcamp.xyz/rails/active_storage/disk/eyJfcmFpbHMiOnsibWVzc2FnZSI6IkJBaDdDVG9JYTJWNVN/tapta%5B.png_; filename_=UTF-8''tapta%5B.png]
[smashcamp.xyz/rails/active_storage/disk/eyJfcmFpbHMiOnsibWVzc2FnZSI6IkJBaDdDVG9JYTJWNVN/tapta%5B.png_; filename_=UTF-8''tapta%5B-2.png]
[smashcamp.xyz/rails/active_storage/disk/eyJfcmFpbHMiOnsibWVzc2FnZSI6IkJBaDdDVG9JYTJWNVN/phone.png_; filename_=UTF-8''phone.png]
[smashcamp.xyz/rails/active_storage/disk/eyJfcmFpbHMiOnsibWVzc2FnZSI6IkJBaDdDVG9JYTJWNVN/phone.png_; filename_=UTF-8''phone-2.png]
[smashcamp.xyz/rails/active_storage/disk/eyJfcmFpbHMiOnsibWVzc2FnZSI6IkJBaDdDVG9JYTJWNVN/game.png_; filename_=UTF-8''game.png]
[smashcamp.xyz/rails/active_storage/disk/eyJfcmFpbHMiOnsibWVzc2FnZSI6IkJBaDdDVG9JYTJWNVN/game.png_; filename_=UTF-8''game-2.png]
[smashcamp.xyz/rails/active_storage/disk/eyJfcmFpbHMiOnsibWVzc2FnZSI6IkJBaDdDVG9JYTJWNVN/clock.png_; filename_=UTF-8''clock.png]
[smashcamp.xyz/rails/active_storage/disk/eyJfcmFpbHMiOnsibWVzc2FnZSI6IkJBaDdDVG9JYTJWNVN/clock.png_; filename_=UTF-8''clock-2.png]
[smashcamp.xyz/days/3.html]
[smashcamp.xyz/assets/WelcomeToDay4-a6bd37762f120e9040cfe0e513370920a0ba59581319b41044bf04416b71ef5c.png]
[smashcamp.xyz/rails/active_storage/disk/eyJfcmFpbHMiOnsibWVzc2FnZSI6IkJBaDdDVG9JYTJWNVN/PXL_20230629_002009337.jpg_; filename_=UTF-8''PXL_20230629_002009337.jpg]
[smashcamp.xyz/rails/active_storage/disk/eyJfcmFpbHMiOnsibWVzc2FnZSI6IkJBaDdDVG9JYTJWNVN/PXL_20230629_002009337.jpg_; filename_=UTF-8''PXL_20230629_002009337-2.jpg]
[smashcamp.xyz/rails/active_storage/disk/eyJfcmFpbHMiOnsibWVzc2FnZSI6IkJBaDdDVG9JYTJWNVN/IMG_20230628_152652673.jpg_; filename_=UTF-8''IMG_20230628_152652673.jpg]
[smashcamp.xyz/rails/active_storage/disk/eyJfcmFpbHMiOnsibWVzc2FnZSI6IkJBaDdDVG9JYTJWNVN/IMG_20230628_152652673.jpg_; filename_=UTF-8''IMG_20230628_152652673-2.jpg]
[smashcamp.xyz/rails/active_storage/disk/eyJfcmFpbHMiOnsibWVzc2FnZSI6IkJBaDdDVG9JYTJWNVN/IMG_2292.jpg_; filename_=UTF-8''IMG_2292.jpg]
[smashcamp.xyz/rails/active_storage/disk/eyJfcmFpbHMiOnsibWVzc2FnZSI6IkJBaDdDVG9JYTJWNVN/IMG_2292.jpg_; filename_=UTF-8''IMG_2292-2.jpg]
[smashcamp.xyz/rails/active_storage/disk/eyJfcmFpbHMiOnsibWVzc2FnZSI6IkJBaDdDVG9JYTJWNVN/diepound.png_; filename_=UTF-8''diepound.png]
[smashcamp.xyz/rails/active_storage/disk/eyJfcmFpbHMiOnsibWVzc2FnZSI6IkJBaDdDVG9JYTJWNVN/diepound.png_; filename_=UTF-8''diepound-2.png]
[smashcamp.xyz/rails/active_storage/disk/eyJfcmFpbHMiOnsibWVzc2FnZSI6IkJBaDdDVG9JYTJWNVN/aimtrainer.png_; filename_=UTF-8''aimtrainer.png]
[smashcamp.xyz/rails/active_storage/disk/eyJfcmFpbHMiOnsibWVzc2FnZSI6IkJBaDdDVG9JYTJWNVN/aimtrainer.png_; filename_=UTF-8''aimtrainer-2.png]
[smashcamp.xyz/rails/active_storage/disk/eyJfcmFpbHMiOnsibWVzc2FnZSI6IkJBaDdDVG9JYTJWNVN/bridge.png_; filename_=UTF-8''bridge.png]
[smashcamp.xyz/rails/active_storage/disk/eyJfcmFpbHMiOnsibWVzc2FnZSI6IkJBaDdDVG9JYTJWNVN/bridge.png_; filename_=UTF-8''bridge-2.png]
[smashcamp.xyz/rails/active_storage/disk/eyJfcmFpbHMiOnsibWVzc2FnZSI6IkJBaDdDVG9JYTJWNVN/crayon.png_; filename_=UTF-8''crayon.png]
[smashcamp.xyz/rails/active_storage/disk/eyJfcmFpbHMiOnsibWVzc2FnZSI6IkJBaDdDVG9JYTJWNVN/crayon.png_; filename_=UTF-8''crayon-2.png]
[smashcamp.xyz/rails/active_storage/disk/eyJfcmFpbHMiOnsibWVzc2FnZSI6IkJBaDdDVG9JYTJWNVN/hula.png_; filename_=UTF-8''hula.png]
[smashcamp.xyz/rails/active_storage/disk/eyJfcmFpbHMiOnsibWVzc2FnZSI6IkJBaDdDVG9JYTJWNVN/hula.png_; filename_=UTF-8''hula-2.png]
[smashcamp.xyz/rails/active_storage/disk/eyJfcmFpbHMiOnsibWVzc2FnZSI6IkJBaDdDVG9JYTJWNVN/hot.jpg_; filename_=UTF-8''hot-3.jpg]
[smashcamp.xyz/rails/active_storage/disk/eyJfcmFpbHMiOnsibWVzc2FnZSI6IkJBaDdDVG9JYTJWNVN/hot.jpg_; filename_=UTF-8''hot-4.jpg]
[smashcamp.xyz/rails/active_storage/disk/eyJfcmFpbHMiOnsibWVzc2FnZSI6IkJBaDdDVG9JYTJWNVN/dog.png_; filename_=UTF-8''dog-3.png]
[smashcamp.xyz/rails/active_storage/disk/eyJfcmFpbHMiOnsibWVzc2FnZSI6IkJBaDdDVG9JYTJWNVN/dog.png_; filename_=UTF-8''dog-4.png]
[smashcamp.xyz/days/4.html]
[smashcamp.xyz/assets/WelcomeToDay5-fca67cf19654408b0416a51a8f91b59a1751fb0932f83803ae5e64271013055a.png]
[smashcamp.xyz/rails/active_storage/disk/eyJfcmFpbHMiOnsibWVzc2FnZSI6IkJBaDdDVG9JYTJWNVN/IMG_2298.jpg_; filename_=UTF-8''IMG_2298.jpg]
[smashcamp.xyz/rails/active_storage/disk/eyJfcmFpbHMiOnsibWVzc2FnZSI6IkJBaDdDVG9JYTJWNVN/IMG_2298.jpg_; filename_=UTF-8''IMG_2298-2.jpg]
[smashcamp.xyz/rails/active_storage/disk/eyJfcmFpbHMiOnsibWVzc2FnZSI6IkJBaDdDVG9JYTJWNVN/IMG_3078.jpg_; filename_=UTF-8''IMG_3078.jpg]
[smashcamp.xyz/rails/active_storage/disk/eyJfcmFpbHMiOnsibWVzc2FnZSI6IkJBaDdDVG9JYTJWNVN/IMG_3078.jpg_; filename_=UTF-8''IMG_3078-2.jpg]
[smashcamp.xyz/rails/active_storage/disk/eyJfcmFpbHMiOnsibWVzc2FnZSI6IkJBaDdDVG9JYTJWNVN/bemuse.png_; filename_=UTF-8''bemuse.png]
[smashcamp.xyz/rails/active_storage/disk/eyJfcmFpbHMiOnsibWVzc2FnZSI6IkJBaDdDVG9JYTJWNVN/bemuse.png_; filename_=UTF-8''bemuse-2.png]
[smashcamp.xyz/rails/active_storage/disk/eyJfcmFpbHMiOnsibWVzc2FnZSI6IkJBaDdDVG9JYTJWNVN/hyper.png_; filename_=UTF-8''hyper.png]
[smashcamp.xyz/rails/active_storage/disk/eyJfcmFpbHMiOnsibWVzc2FnZSI6IkJBaDdDVG9JYTJWNVN/hyper.png_; filename_=UTF-8''hyper-2.png]
[smashcamp.xyz/rails/active_storage/disk/eyJfcmFpbHMiOnsibWVzc2FnZSI6IkJBaDdDVG9JYTJWNVN/flannel.png_; filename_=UTF-8''flannel.png]
[smashcamp.xyz/rails/active_storage/disk/eyJfcmFpbHMiOnsibWVzc2FnZSI6IkJBaDdDVG9JYTJWNVN/flannel.png_; filename_=UTF-8''flannel-2.png]
[smashcamp.xyz/rails/active_storage/disk/eyJfcmFpbHMiOnsibWVzc2FnZSI6IkJBaDdDVG9JYTJWNVN/heart.png_; filename_=UTF-8''heart.png]
[smashcamp.xyz/rails/active_storage/disk/eyJfcmFpbHMiOnsibWVzc2FnZSI6IkJBaDdDVG9JYTJWNVN/heart.png_; filename_=UTF-8''heart-2.png]
[smashcamp.xyz/rails/active_storage/disk/eyJfcmFpbHMiOnsibWVzc2FnZSI6IkJBaDdDVG9JYTJWNVN/pumpkin.png_; filename_=UTF-8''pumpkin.png]
[smashcamp.xyz/rails/active_storage/disk/eyJfcmFpbHMiOnsibWVzc2FnZSI6IkJBaDdDVG9JYTJWNVN/pumpkin.png_; filename_=UTF-8''pumpkin-2.png]
[smashcamp.xyz/days/5.html]
[smashcamp.xyz/rails/active_storage/disk/eyJfcmFpbHMiOnsibWVzc2FnZSI6IkJBaDdDVG9JYTJWNVN/39ncGn3.png_; filename_=UTF-8''39ncGn3.png]
[smashcamp.xyz/rails/active_storage/disk/eyJfcmFpbHMiOnsibWVzc2FnZSI6IkJBaDdDVG9JYTJWNVN/39ncGn3.png_; filename_=UTF-8''39ncGn3-2.png]
[smashcamp.xyz/rails/active_storage/disk/eyJfcmFpbHMiOnsibWVzc2FnZSI6IkJBaDdDVG9JYTJWNVN/20230630_230306.jpg_; filename_=UTF-8''20230630_230306.jpg]
[smashcamp.xyz/rails/active_storage/disk/eyJfcmFpbHMiOnsibWVzc2FnZSI6IkJBaDdDVG9JYTJWNVN/20230630_230306.jpg_; filename_=UTF-8''20230630_230306-2.jpg]
[smashcamp.xyz/rails/active_storage/disk/eyJfcmFpbHMiOnsibWVzc2FnZSI6IkJBaDdDVG9JYTJWNVN/IMG_1672.jpg_; filename_=UTF-8''IMG_1672.jpg]
[smashcamp.xyz/rails/active_storage/disk/eyJfcmFpbHMiOnsibWVzc2FnZSI6IkJBaDdDVG9JYTJWNVN/IMG_1672.jpg_; filename_=UTF-8''IMG_1672-2.jpg]
[smashcamp.xyz/MostCreative2023.png]
[smashcamp.xyz/MostCompetitive2023.png]
[smashcamp.xyz/Friendliest2023.png]
[smashcamp.xyz/Funniest2023.png]
[smashcamp.xyz/OverallBest2023.png]
[smashcamp.xyz/Saltiest2023.png]
[smashcamp.xyz/BiggestDick2023.png]
[smashcamp.xyz/BestRookie2023.png]
[smashcamp.xyz/trophy_of_champions2023.png]
[smashcamp.xyz/here-lies-smash-camp.png]
[smashcamp.xyz/conclusion.html]
[smashcamp.xyz/events/55.html]
[smashcamp.xyz/events/32.html]
[smashcamp.xyz/events/54.html]
[smashcamp.xyz/events/40.html]
[smashcamp.xyz/events/33.html]
[smashcamp.xyz/events/34.html]
[smashcamp.xyz/events/36.html]
[smashcamp.xyz/events/side-events.html]
[smashcamp.xyz/events/53.html]
[smashcamp.xyz/events/1.html]
[smashcamp.xyz/events/2.html]
[smashcamp.xyz/events/3.html]
[smashcamp.xyz/events/4.html]
[smashcamp.xyz/events/5.html]
[smashcamp.xyz/events/50.html]
[smashcamp.xyz/events/10.html]
[smashcamp.xyz/events/6.html]
[smashcamp.xyz/events/7.html]
[smashcamp.xyz/events/8.html]
[smashcamp.xyz/events/9.html]
[smashcamp.xyz/events/11.html]
[smashcamp.xyz/events/12.html]
[smashcamp.xyz/events/15.html]
[smashcamp.xyz/events/16.html]
[smashcamp.xyz/events/25.html]
[smashcamp.xyz/events/17.html]
[smashcamp.xyz/events/18.html]
[smashcamp.xyz/events/19.html]
[smashcamp.xyz/events/20.html]
[smashcamp.xyz/events/21.html]
[smashcamp.xyz/events/22.html]
[smashcamp.xyz/events/13.html]
[smashcamp.xyz/events/24.html]
[smashcamp.xyz/events/26.html]
[smashcamp.xyz/events/27.html]
[smashcamp.xyz/events/51.html]
[smashcamp.xyz/events/48.html]
[smashcamp.xyz/events/49.html]
[smashcamp.xyz/events.html]
[smashcamp.xyz/events/56.html]
[smashcamp.xyz/pages/hall_of_fame.html]
[2021.smashcamp.xyz/assets/favicon/apple-touch-icon-298217043e9ba8c7500ed1e00aa711e2bcde9956507b4f5b4efc9846726e6a60.png]
[2021.smashcamp.xyz/index-2.html]
[2021.smashcamp.xyz/SmashCamp.xyz]
[2021.smashcamp.xyz/assets/favicon/favicon-32x32-8baef4731e70cefa0bf10ce7f5004f3a95739ab218b8a721538db9d27d137eda.png]
[2021.smashcamp.xyz/assets/favicon/android-chrome-192x192-23db2a23c8cafd80c3dbdd0daadce6c3606c19d6687ab4e5e94d2a32995bc646.png]
[2021.smashcamp.xyz/assets/favicon/favicon-16x16-ed5222963fa72e1ad3ee0a4ea445a04f8caca9a491b215f09046369f0beb75fe.png]
[2021.smashcamp.xyz/assets/favicon/site-52ea250b687386a902ba7a6b77d2cc1f3ec70a912784ff5b490a7673923d9f45.webmanifest]
[2021.smashcamp.xyz/assets/favicon/safari-pinned-tab-2a094bf3549a8c180bc64e36aa04991cd2c2b816ba2252d6bfb0da7397865f63.svg]
[2021.smashcamp.xyz/assets/favicon/browserconfig-89cc29691fea276c02cfd1e91f982350cfe9295959710b66c9a60badf55e7f8a.xml]
[2021.smashcamp.xyz/assets/application-dc648ae18629de552434665cc50da4418bd664dac32a0d60e66e3e9ffcebb905.css]
[2021.smashcamp.xyz/packs/js/application-0a69484087cff9e0ac33.js]
[2021.smashcamp.xyz/pre-camp.html]
[2021.smashcamp.xyz/days/1.html]
[2021.smashcamp.xyz/days/2.html]
[2021.smashcamp.xyz/days/3.html]
[2021.smashcamp.xyz/days/4.html]
[2021.smashcamp.xyz/days/5.html]
[2021.smashcamp.xyz/conclusion.html]
[2021.smashcamp.xyz/events.html]
[2021.smashcamp.xyz/events/69.html]
[2021.smashcamp.xyz/events/70.html]
[2021.smashcamp.xyz/events/94.html]
[2021.smashcamp.xyz/events/side-events.html]
[2021.smashcamp.xyz/assets/stardivider-dd810b73e53041cad6c10947719a83c4b916b2caffcaebc3974ed966f222968c.png]
[2021.smashcamp.xyz/assets/SmashCamp-6ed93188fe2a56d8f985c0b50021aca3a0cfd734f266f10aa54afbbd1ad58b1a.png]
[2021.smashcamp.xyz/index.html]
[2022.smashcamp.xyz/assets/application-9b7c64c780b7412f81f07aed5f645ccb126d8a36c39107fc8cae06b6f7d2462a.css]
[2022.smashcamp.xyz/index-2.html]
[2022.smashcamp.xyz/pre-camp.html]
[2022.smashcamp.xyz/days/1.html]
[2022.smashcamp.xyz/packs/js/application-4254264b62ac5d4fccce.js]
[2022.smashcamp.xyz/days/2.html]
[2022.smashcamp.xyz/days/3.html]
[2022.smashcamp.xyz/days/4.html]
[2022.smashcamp.xyz/days/5.html]
[2022.smashcamp.xyz/conclusion.html]
[2022.smashcamp.xyz/events/side-events.html]
[2022.smashcamp.xyz/events.html]
[2022.smashcamp.xyz/assets/stardivider-dd810b73e53041cad6c10947719a83c4b916b2caffcaebc3974ed966f222968c.png]
[2022.smashcamp.xyz/assets/SmashCamp-03074b45fbe6c47ec174965c31a732dc0d35854bdc30e78235a2568def7d4048.png]
[2022.smashcamp.xyz/index.html]
[smashcamp.xyz/assets/chosen-js/chosen-sprite.png]
[smashcamp.xyz/assets/chosen-js/chosen-sprite@2x.png]
[smashcamp.xyz/assets/chosen-js/chosen.min.css]
[smashcamp.xyz/assets/bootstrap4c-chosen/dist/css/component-chosen.min.css]
[smashcamp.xyz/rails/active_storage/disk/eyJfcmFpbHMiOnsibWVzc2FnZSI6IkJBaDdDVG9JYTJWNVN/Screenshot_6.png_; filename_=UTF-8''Screenshot_6.png]
[smashcamp.xyz/rails/active_storage/disk/eyJfcmFpbHMiOnsibWVzc2FnZSI6IkJBaDdDVG9JYTJWNVN/Screenshot_6.png_; filename_=UTF-8''Screenshot_6-2.png]
[smashcamp.xyz/rails/active_storage/disk/eyJfcmFpbHMiOnsibWVzc2FnZSI6IkJBaDdDVG9JYTJWNVN/Screenshot_7.jpg_; filename_=UTF-8''Screenshot_7.jpg]
[smashcamp.xyz/rails/active_storage/disk/eyJfcmFpbHMiOnsibWVzc2FnZSI6IkJBaDdDVG9JYTJWNVN/Screenshot_7.jpg_; filename_=UTF-8''Screenshot_7-2.jpg]
[smashcamp.xyz/events/28.html]
[smashcamp.xyz/rails/active_storage/disk/eyJfcmFpbHMiOnsibWVzc2FnZSI6IkJBaDdDVG9JYTJWNVN/image.png_; filename_=UTF-8''image.png]
[smashcamp.xyz/rails/active_storage/disk/eyJfcmFpbHMiOnsibWVzc2FnZSI6IkJBaDdDVG9JYTJWNVN/image.png_; filename_=UTF-8''image-2.png]
[smashcamp.xyz/events/29.html]
[smashcamp.xyz/rails/active_storage/disk/eyJfcmFpbHMiOnsibWVzc2FnZSI6IkJBaDdDVG9JYTJWNVN/rock.png_; filename_=UTF-8''rock.png]
[smashcamp.xyz/rails/active_storage/disk/eyJfcmFpbHMiOnsibWVzc2FnZSI6IkJBaDdDVG9JYTJWNVN/rock.png_; filename_=UTF-8''rock-2.png]
[smashcamp.xyz/events/52.html]
[smashcamp.xyz/rails/active_storage/disk/eyJfcmFpbHMiOnsibWVzc2FnZSI6IkJBaDdDVG9JYTJWNVN/Screenshot_3.png_; filename_=UTF-8''Screenshot_3.png]
[smashcamp.xyz/rails/active_storage/disk/eyJfcmFpbHMiOnsibWVzc2FnZSI6IkJBaDdDVG9JYTJWNVN/Screenshot_3.png_; filename_=UTF-8''Screenshot_3-2.png]
[smashcamp.xyz/events/41.html]
[smashcamp.xyz/rails/active_storage/disk/eyJfcmFpbHMiOnsibWVzc2FnZSI6IkJBaDdDVG9JYTJWNVN/eim.png_; filename_=UTF-8''eim.png]
[smashcamp.xyz/rails/active_storage/disk/eyJfcmFpbHMiOnsibWVzc2FnZSI6IkJBaDdDVG9JYTJWNVN/eim.png_; filename_=UTF-8''eim-2.png]
[smashcamp.xyz/events/38.html]
[smashcamp.xyz/rails/active_storage/disk/eyJfcmFpbHMiOnsibWVzc2FnZSI6IkJBaDdDVG9JYTJWNVN/Screenshot_5.png_; filename_=UTF-8''Screenshot_5.png]
[smashcamp.xyz/rails/active_storage/disk/eyJfcmFpbHMiOnsibWVzc2FnZSI6IkJBaDdDVG9JYTJWNVN/Screenshot_5.png_; filename_=UTF-8''Screenshot_5-2.png]
[smashcamp.xyz/events/39.html]
[smashcamp.xyz/rails/active_storage/disk/eyJfcmFpbHMiOnsibWVzc2FnZSI6IkJBaDdDVG9JYTJWNVN/image.png_; filename_=UTF-8''image-3.png]
[smashcamp.xyz/rails/active_storage/disk/eyJfcmFpbHMiOnsibWVzc2FnZSI6IkJBaDdDVG9JYTJWNVN/image.png_; filename_=UTF-8''image-4.png]
[smashcamp.xyz/events/31.html]
[smashcamp.xyz/assets/KLEEEE-7010982bc24b5a915982cc83b14909bbe8054b48e2e3c2359b521622609c4fa9.png]
[smashcamp.xyz/REEEE.html]
[smashcamp.xyz/rails/active_storage/disk/eyJfcmFpbHMiOnsibWVzc2FnZSI6IkJBaDdDVG9JYTJWNVN/image.png_; filename_=UTF-8''image-5.png]
[smashcamp.xyz/rails/active_storage/disk/eyJfcmFpbHMiOnsibWVzc2FnZSI6IkJBaDdDVG9JYTJWNVN/image.png_; filename_=UTF-8''image-6.png]
[smashcamp.xyz/events/55.html]
[smashcamp.xyz/rails/active_storage/disk/eyJfcmFpbHMiOnsibWVzc2FnZSI6IkJBaDdDVG9JYTJWNVN/image.png_; filename_=UTF-8''image-7.png]
[smashcamp.xyz/rails/active_storage/disk/eyJfcmFpbHMiOnsibWVzc2FnZSI6IkJBaDdDVG9JYTJWNVN/image.png_; filename_=UTF-8''image-8.png]
[smashcamp.xyz/rails/active_storage/disk/eyJfcmFpbHMiOnsibWVzc2FnZSI6IkJBaDdDVG9JYTJWNVN/bingo board.png_; filename_=UTF-8''bingo%20board.png]
[smashcamp.xyz/rails/active_storage/disk/eyJfcmFpbHMiOnsibWVzc2FnZSI6IkJBaDdDVG9JYTJWNVN/bingo board.png_; filename_=UTF-8''bingo%20board-2.png]
[smashcamp.xyz/events/32.html]
[smashcamp.xyz/assets/SmashCampBingo-0f90dc17bca8e1d02ffe193cd7d8b5547e19c7e782ed1a99a446f8ba03ad32d1.png]
[smashcamp.xyz/events/54.html]
[smashcamp.xyz/website-puzzle.html]
[smashcamp.xyz/events/40.html]
[smashcamp.xyz/events/33.html]
[smashcamp.xyz/events/34.html]
[smashcamp.xyz/events/36.html]
[smashcamp.xyz/events/53.html]
[smashcamp.xyz/events/1.html]
[smashcamp.xyz/events/2.html]
[smashcamp.xyz/events/3.html]
[smashcamp.xyz/events/4.html]
[smashcamp.xyz/events/5.html]
[smashcamp.xyz/events/50.html]
[smashcamp.xyz/events/10.html]
[smashcamp.xyz/events/6.html]
[smashcamp.xyz/events/7.html]
[smashcamp.xyz/events/8.html]
[smashcamp.xyz/events/9.html]
[smashcamp.xyz/events/11.html]
[smashcamp.xyz/events/12.html]
[smashcamp.xyz/events/15.html]
[smashcamp.xyz/events/16.html]
[smashcamp.xyz/events/25.html]
[smashcamp.xyz/events/17.html]
[smashcamp.xyz/events/18.html]
[smashcamp.xyz/events/19.html]
[smashcamp.xyz/events/20.html]
[smashcamp.xyz/events/21.html]
[smashcamp.xyz/events/22.html]
[smashcamp.xyz/events/13.html]
[smashcamp.xyz/events/24.html]
[smashcamp.xyz/events/26.html]
[smashcamp.xyz/events/27.html]
[smashcamp.xyz/events/51.html]
[smashcamp.xyz/events/48.html]
[smashcamp.xyz/events/49.html]
[smashcamp.xyz/events/56.html]
[2021.smashcamp.xyz/index-2.html]
[2021.smashcamp.xyz/SmashCamp.html]
[smashcamp.xyz/assets/favicon/apple-touch-icon-298217043e9ba8c7500ed1e00aa711e2bcde9956507b4f5b4efc9846726e6a60.html]
[2021.smashcamp.xyz/assets/favicon/safari-pinned-tab-2a094bf3549a8c180bc64e36aa04991cd2c2b816ba2252d6bfb0da7397865f63.svg]
[2021.smashcamp.xyz/assets/favicon/browserconfig-89cc29691fea276c02cfd1e91f982350cfe9295959710b66c9a60badf55e7f8a.html]
[2021.smashcamp.xyz/assets/application-dc648ae18629de552434665cc50da4418bd664dac32a0d60e66e3e9ffcebb905.css]
[2021.smashcamp.xyz/pre-camp.html]
[2021.smashcamp.xyz/days/SmashCamp.19e.delayed]
[2021.smashcamp.xyz/assets/WelcomeToDay1-eac4824b3060d2d93b204c6916b40e391ab69eee74877bb09154cec442df48b5.png]
[2021.smashcamp.xyz/assets/SubmissionGuidelines-f1af40764cb2f6b6b339a1f6eadac4cf41b5a4fd0a33e56d9c3c0960056a654c.png]
[2021.smashcamp.xyz/assets/TodaysActivities-f6bfff0826336e33965a65d466996690b74c110691384ef43bfa52cd3f9c87ff.png]
[2021.smashcamp.xyz/assets/TanukiSunset-f8e7f1d3d0d47267254dfe768a9908795a35680eda0016ce51011cc6afcdb7cc.png]
[2021.smashcamp.xyz/assets/RocketPult-745f517c7a7b83640c62326af2785ee529efde788015165d0c00088a2a5d6f93.png]
[2021.smashcamp.xyz/assets/Thermometer-2a6ee2602f2fa4e736af0493ae746c325a0f51f2901a6790221802586775dfbc.jpg]
[2021.smashcamp.xyz/assets/CircuitBreaker-a5a8438483e8a338309a753b4fe570eae53cdf5cfd1b9a5117a73a350b70c477.jpg]
[2021.smashcamp.xyz/assets/Amogus-c8cc30b2d0c6eac94f8a397c7f0edba4034c6ff7c1d26b65cef70f472d3b3fb0.jpg]
[2021.smashcamp.xyz/assets/ExampleSubmission-54fdfaf815dce7bf35375fb626043aef42c4ce6e54601bde83df7a15e150999c.jpg]
[2021.smashcamp.xyz/days/1.html]
[2021.smashcamp.xyz/assets/WelcomeToDay2-f4df9d6ffa8a11ae5fff3b354be47feda260f6855202d5bd63ec3a3e423d866e.png]
[2021.smashcamp.xyz/assets/Results-e5362034d7c22d33a33d7c0c62409edb10c6952424f26de3e11794470308bec6.png]
[2021.smashcamp.xyz/Cabin1.png]
[2021.smashcamp.xyz/Cabin2.png]
[2021.smashcamp.xyz/Cabin3.png]
[2021.smashcamp.xyz/Cabin4.png]
[2021.smashcamp.xyz/assets/day1/1_answer-d917dfb85843f56249ed62b60b2e1c4daf7207d5d0a571476dd49b35afa2fc61.png]
[2021.smashcamp.xyz/assets/day1/2_answer-01caaca012f92608e13d2e1b437db27d42086afd1b9a9ae69e4d4fec2241dc9f.png]
[2021.smashcamp.xyz/assets/day1/3_answer-1ffd886924a0b5fc5b34d9eba0740837ce11d72eeb82d8a5f33e480ffa0feea5.png]
[2021.smashcamp.xyz/assets/day1/4_answer-c7c9c17375bbdc624a1edb640bc9a2fae095ff59bddad56df47334063c408e02.png]
[2021.smashcamp.xyz/assets/day1/5_answer-23a96dd6b466230d4e8a113d4583902b6ed9b560d32be9df77685d6c43055e90.png]
[2021.smashcamp.xyz/assets/day1/6_answer-7efbd8b28b6d87f8c06509855cb4f61333b668598eeee3435219d8e49f8c01ae.png]
[2021.smashcamp.xyz/assets/day1/7_answer-80f7e425fed7d5aa4f6a47a8e8a44db73fe4562aaf1d72036b62fe81c55c53ec.png]
[2021.smashcamp.xyz/assets/day1/8_answer-314a8c91f70ead1f5f441ca168670e3f28df45c3fd99b410491748fe8b93ba53.png]
[2021.smashcamp.xyz/assets/day1/9_answer-cc85fdc76649e5387ffd627648762907a891e7b7adc953e4f58ef5fb74665282.png]
[2021.smashcamp.xyz/assets/day1/10_answer-271e845fc62deed0abd60b3b896f385d474563b86c8a3670f0d3f4494b21cb6d.png]
[2021.smashcamp.xyz/assets/OneButtonBob-386cf7ffddab704cd056cfde5bd8d8ea48e6ef0b02e2e5e0f14ea33957525d18.png]
[2021.smashcamp.xyz/assets/PixHop-7e428dd2b60fddf917dd56dd0d26fce0570e51cdbc512cf2d6cb73117792e29a.png]
[2021.smashcamp.xyz/assets/PokemonPlush-9438aade3f242a02bafebfb5a626bf349545a6955620963cc54920cae24d626e.jpg]
[2021.smashcamp.xyz/assets/Manga-32249efd7b3cf91206bf659ab9562d69edb8ce5b703d982c827248348d7d7552.jpg]
[2021.smashcamp.xyz/assets/OutdatedTech-1c542054d6a9c9299438f716182149ffc1c28a6eb514c0ee604cde23cf6ac159.png]
[2021.smashcamp.xyz/assets/Sun-069fff1d6b0f4535091861554e9e484dfce2e98cce0e10598104e9707d1a2c64.jpg]
[2021.smashcamp.xyz/assets/Doggo-8078b9651be434269c9294cbd3a588dc5b2920e8b410543c9d6a8f6af01670d4.png]
[2021.smashcamp.xyz/days/2.html]
[2021.smashcamp.xyz/assets/WelcomeToDay3-6d0f26a267877c681f9b1b0cd13563ca2a05b4a6e273d6a4ce5c681306ca4b7f.png]
[2021.smashcamp.xyz/assets/Run-ae9ef237073a042ea9f2d85dfc79a0164f60f308b93e78d25db435991f10a486.jpg]
[2021.smashcamp.xyz/assets/CrossyRoad-65f4b11d42e53f617401456204e60e8240bd4b7da23532c2d407c3b7c3ead773.jpg]
[2021.smashcamp.xyz/assets/Popsicle-6eb5fc9d4f43e9a21109fa634cd4f974a7440f3a5570d1fa7c7bc686f6b26796.jpg]
[2021.smashcamp.xyz/assets/FoldingChair-b6ead8af45a94cf45d9270737e7f9e9e53978424aae4f6af4a669316e25801e6.jpg]
[2021.smashcamp.xyz/assets/BoxOJunk-ecf83a91b396768cf647161ebcf4235cb18a184e677cb82170a4a6a7508eb278.jpg]
[2021.smashcamp.xyz/days/3.html]
[2021.smashcamp.xyz/assets/WelcomeToDay4-a6bd37762f120e9040cfe0e513370920a0ba59581319b41044bf04416b71ef5c.png]
[2021.smashcamp.xyz/assets/day3/1_answer-2c3b2e4d7113e15d6bddbe81dfc69b0af2c045cead45f40781185dd50b2ff210.png]
[2021.smashcamp.xyz/assets/day3/2_answer-f94c3e76cc5571af02e8b3754c3f587f992ee06e5f2e37fb6c922f37518a000a.png]
[2021.smashcamp.xyz/assets/day3/3_answer-715bb4483e5980ddfdfb798d383339ff2f84ee5fb2106d203934d6ca00e0450f.png]
[2021.smashcamp.xyz/assets/day3/4_answer-838af696e98d190d522d7ab3f6e9a55b96988a8c00d2e38fb77c90840a0044ae.png]
[2021.smashcamp.xyz/assets/day3/5_answer-65ba236dad687c132788c3c014b8da516e9a0cda7ce53a9ed81bd5dc553fd5e3.png]
[2021.smashcamp.xyz/assets/day3/6_answer-5cc899cda751add9520713b2c730cfcf248648292ce36760b4a24fdf39afedbc.png]
[2021.smashcamp.xyz/assets/day3/7_answer-9bffb391af56119b0c836fdf75697af1ee924cecadcd4a64aa04c6515cd3e0db.png]
[2021.smashcamp.xyz/assets/day3/8_answer-d18d124f02501aaab2eae3155ef457fb84dbac622d34079cbfab897b8b8e1cc1.png]
[2021.smashcamp.xyz/assets/day3/9_answer-31ab5fbcd7153bc0b10c85e82b1c81435a9ae10a8b0af64b972ec67458f365bb.png]
[2021.smashcamp.xyz/assets/day3/10_answer-fb7b250c425b55b1a4e264494ce2eadd0937ae8aad092d76b0c76b57856a2c67.png]
[2021.smashcamp.xyz/assets/HelicopterGame-2d0ff470b861cdbd05882b5df17ba89119bb3a265a1fb391a5142670652ae410.png]
[2021.smashcamp.xyz/assets/SolarBlaster-4f1053a61feff83f74a92287cc5764f734950114b5424d2a1066ef5b11fdd016.png]
[2021.smashcamp.xyz/assets/Toast-bae1c69255c61eccbc1684e188b679d57cddbfebc994126286f30eadd0ac866b.jpg]
[2021.smashcamp.xyz/assets/MediaPoster-6fccbb84c8eb51dabd8953a06f2ed2b5143d3bf85f3bc8f98af1c4210b2581b9.jpg]
[2021.smashcamp.xyz/assets/Animal-c89f5d49c0f96efb36b7dac6b4d9933fb5a3cb3bd5b8acf38662dad97f728081.jpg]
[2021.smashcamp.xyz/days/4.html]
[2021.smashcamp.xyz/assets/WelcomeToDay5-fca67cf19654408b0416a51a8f91b59a1751fb0932f83803ae5e64271013055a.png]
[2021.smashcamp.xyz/assets/FridayNightFunkin-73a3c395860f8c4bf2887b169732957e5b99482f1ed071d041a0e044436c2296.png]
[2021.smashcamp.xyz/assets/Skateboard-3362be216c8ddbcee8cc5adb9f719458d417c71bad194f708cc99d78affeceea.jpg]
[2021.smashcamp.xyz/assets/Dolly-da9a0ec374d1aec023f940a470768808fffc8934aa1171463528106abaeaabf7.jpg]
[2021.smashcamp.xyz/assets/Car-73bbad3002401453cd8076ec5745f7e737b5bd02b4560bfea144e2e0781fe0b0.jpg]
[2021.smashcamp.xyz/days/5.html]
[2021.smashcamp.xyz/assets/day5/1_answer-52f58aa27cb27eb4863e4c944c5fba74e1a694f94abc47a527ae4bb644f0ca64.png]
[2021.smashcamp.xyz/assets/day5/2_answer-e84d2cd3d9890aefd1d8f986669a236d25bb2847d48c407e3b42ef3866c9b557.png]
[2021.smashcamp.xyz/assets/day5/3_answer-1b46cb2e75212d89ae2e908e6a91219309d9096ad8426e91d6b9ed750c65b78e.png]
[2021.smashcamp.xyz/assets/day5/4_answer-ca32155fc4fe25cbdd67ad6163bf1d8c924f18cc1bf8d994388798eec90f54d5.png]
[2021.smashcamp.xyz/assets/day5/5_answer-1059e8e37d93bf1236359b4eeb250357e9f346c8ed2cc506c7aef6e73ae03bec.png]
[2021.smashcamp.xyz/assets/day5/6_answer-1558f2626300dc6e4b3cb68a85f3ffafd42be76f9d2f832b62a0fcda34c782bd.png]
[2021.smashcamp.xyz/conclusion.html]
[2021.smashcamp.xyz/events.html]
[2021.smashcamp.xyz/events/69.html]
[2021.smashcamp.xyz/events/70.html]
[2021.smashcamp.xyz/events/94.html]
[2021.smashcamp.xyz/events/side-events.html]
[2022.smashcamp.xyz/assets/application-9b7c64c780b7412f81f07aed5f645ccb126d8a36c39107fc8cae06b6f7d2462a.css]
[2022.smashcamp.xyz/index-2.html]
[2022.smashcamp.xyz/pre-camp.html]
[2022.smashcamp.xyz/days/1.html]
[2022.smashcamp.xyz/days/2.html]
[2022.smashcamp.xyz/days/3.html]
[2022.smashcamp.xyz/days/4.html]
[2022.smashcamp.xyz/days/5.html]
[2022.smashcamp.xyz/conclusion.html]
[2022.smashcamp.xyz/events/side-events.html]
[2022.smashcamp.xyz/events.html]
[smashcamp.xyz/website-puzzle.html]
[2021.smashcamp.xyz/days/SmashCamp.html]
[smashcamp.xyz/assets/wunna-3bfc97ada469f5a4d1885fc93d5de8f01d9708a616370bfede7334af5552ca93.html]
